CREATE EXTENSION ddlx;
\pset tuples_only
\dx ddlx
 ddlx | 0.26    | public | DDL eXtractor functions

